Archive member included because of file (symbol)

/home/amp/shared/polygraph/eclipse-workspace/ArduinoCore/168_16MHz/libArduinoCore.a(HardwareSerial.o)
                              ./src/BluetoothDemo.o (Serial)
/home/amp/shared/polygraph/eclipse-workspace/ArduinoCore/168_16MHz/libArduinoCore.a(Print.o)
                              /home/amp/shared/polygraph/eclipse-workspace/ArduinoCore/168_16MHz/libArduinoCore.a(HardwareSerial.o) (_ZN5Print5writeEPKhj)
/home/amp/shared/polygraph/eclipse-workspace/ArduinoCore/168_16MHz/libArduinoCore.a(WInterrupts.o)
                              ./src/BluetoothDemo.o (attachInterrupt)
/home/amp/shared/polygraph/eclipse-workspace/ArduinoCore/168_16MHz/libArduinoCore.a(WString.o)
                              /home/amp/shared/polygraph/eclipse-workspace/ArduinoCore/168_16MHz/libArduinoCore.a(Print.o) (_ZNK6StringixEj)
/home/amp/shared/polygraph/eclipse-workspace/ArduinoCore/168_16MHz/libArduinoCore.a(new.o)
                              /home/amp/shared/polygraph/eclipse-workspace/ArduinoCore/168_16MHz/libArduinoCore.a(HardwareSerial.o) (__cxa_pure_virtual)
/home/amp/shared/polygraph/eclipse-workspace/ArduinoCore/168_16MHz/libArduinoCore.a(wiring.o)
                              ./src/BluetoothDemo.o (delay)
/home/amp/shared/polygraph/eclipse-workspace/ArduinoCore/168_16MHz/libArduinoCore.a(wiring_analog.o)
                              ./src/Main.o (analogReference)
/home/amp/shared/polygraph/eclipse-workspace/ArduinoCore/168_16MHz/libArduinoCore.a(wiring_digital.o)
                              ./src/BluetoothDemo.o (pinMode)
/usr/lib/gcc/avr/4.5.3/avr5/libgcc.a(_udivmodsi4.o)
                              /home/amp/shared/polygraph/eclipse-workspace/ArduinoCore/168_16MHz/libArduinoCore.a(HardwareSerial.o) (__udivmodsi4)
/usr/lib/gcc/avr/4.5.3/avr5/libgcc.a(_exit.o)
                              /usr/lib/gcc/avr/4.5.3/../../../avr/lib/avr5/crtm168.o (exit)
/usr/lib/gcc/avr/4.5.3/avr5/libgcc.a(_copy_data.o)
                              ./src/BluetoothDemo.o (__do_copy_data)
/usr/lib/gcc/avr/4.5.3/avr5/libgcc.a(_clear_bss.o)
                              ./src/BluetoothDemo.o (__do_clear_bss)
/usr/lib/gcc/avr/4.5.3/avr5/libgcc.a(_ctors.o)
                              /home/amp/shared/polygraph/eclipse-workspace/ArduinoCore/168_16MHz/libArduinoCore.a(HardwareSerial.o) (__do_global_ctors)
/usr/lib/gcc/avr/4.5.3/avr5/libgcc.a(_fixunssfsi.o)
                              /home/amp/shared/polygraph/eclipse-workspace/ArduinoCore/168_16MHz/libArduinoCore.a(Print.o) (__fixunssfsi)
/usr/lib/gcc/avr/4.5.3/avr5/libgcc.a(_addsub_sf.o)
                              /home/amp/shared/polygraph/eclipse-workspace/ArduinoCore/168_16MHz/libArduinoCore.a(Print.o) (__addsf3)
/usr/lib/gcc/avr/4.5.3/avr5/libgcc.a(_mul_sf.o)
                              /home/amp/shared/polygraph/eclipse-workspace/ArduinoCore/168_16MHz/libArduinoCore.a(Print.o) (__mulsf3)
/usr/lib/gcc/avr/4.5.3/avr5/libgcc.a(_div_sf.o)
                              /home/amp/shared/polygraph/eclipse-workspace/ArduinoCore/168_16MHz/libArduinoCore.a(Print.o) (__divsf3)
/usr/lib/gcc/avr/4.5.3/avr5/libgcc.a(_gt_sf.o)
                              /home/amp/shared/polygraph/eclipse-workspace/ArduinoCore/168_16MHz/libArduinoCore.a(Print.o) (__gtsf2)
/usr/lib/gcc/avr/4.5.3/avr5/libgcc.a(_ge_sf.o)
                              /usr/lib/gcc/avr/4.5.3/avr5/libgcc.a(_fixunssfsi.o) (__gesf2)
/usr/lib/gcc/avr/4.5.3/avr5/libgcc.a(_lt_sf.o)
                              /home/amp/shared/polygraph/eclipse-workspace/ArduinoCore/168_16MHz/libArduinoCore.a(Print.o) (__ltsf2)
/usr/lib/gcc/avr/4.5.3/avr5/libgcc.a(_le_sf.o)
                              /home/amp/shared/polygraph/eclipse-workspace/ArduinoCore/168_16MHz/libArduinoCore.a(Print.o) (__lesf2)
/usr/lib/gcc/avr/4.5.3/avr5/libgcc.a(_unord_sf.o)
                              /home/amp/shared/polygraph/eclipse-workspace/ArduinoCore/168_16MHz/libArduinoCore.a(Print.o) (__unordsf2)
/usr/lib/gcc/avr/4.5.3/avr5/libgcc.a(_si_to_sf.o)
                              /home/amp/shared/polygraph/eclipse-workspace/ArduinoCore/168_16MHz/libArduinoCore.a(Print.o) (__floatsisf)
/usr/lib/gcc/avr/4.5.3/avr5/libgcc.a(_sf_to_si.o)
                              /home/amp/shared/polygraph/eclipse-workspace/ArduinoCore/168_16MHz/libArduinoCore.a(Print.o) (__fixsfsi)
/usr/lib/gcc/avr/4.5.3/avr5/libgcc.a(_thenan_sf.o)
                              /usr/lib/gcc/avr/4.5.3/avr5/libgcc.a(_addsub_sf.o) (__thenan_sf)
/usr/lib/gcc/avr/4.5.3/avr5/libgcc.a(_usi_to_sf.o)
                              /home/amp/shared/polygraph/eclipse-workspace/ArduinoCore/168_16MHz/libArduinoCore.a(Print.o) (__floatunsisf)
/usr/lib/gcc/avr/4.5.3/avr5/libgcc.a(_prologue.o)
                              /usr/lib/gcc/avr/4.5.3/avr5/libgcc.a(_addsub_sf.o) (__prologue_saves__)
/usr/lib/gcc/avr/4.5.3/avr5/libgcc.a(_epilogue.o)
                              /usr/lib/gcc/avr/4.5.3/avr5/libgcc.a(_addsub_sf.o) (__epilogue_restores__)
[...]
Memory Configuration

Name             Origin             Length             Attributes
text             0x0000000000000000 0x0000000000020000 xr
data             0x0000000000800060 0x000000000000ffa0 rw !x
eeprom           0x0000000000810000 0x0000000000010000 rw !x
fuse             0x0000000000820000 0x0000000000000400 rw !x
lock             0x0000000000830000 0x0000000000000400 rw !x
signature        0x0000000000840000 0x0000000000000400 rw !x
*default*        0x0000000000000000 0xffffffffffffffff

Linker script and memory map

Address of section .data set to 0x800100
LOAD /usr/lib/gcc/avr/4.5.3/../../../avr/lib/avr5/crtm168.o
LOAD ./src/BluetoothDemo.o
LOAD ./src/Main.o
LOAD /home/amp/shared/polygraph/eclipse-workspace/ArduinoCore/168_16MHz/libArduinoCore.a
LOAD /usr/lib/gcc/avr/4.5.3/avr5/libgcc.a
LOAD /usr/lib/gcc/avr/4.5.3/../../../avr/lib/avr5/libm.a
LOAD /usr/lib/gcc/avr/4.5.3/avr5/libgcc.a
LOAD /usr/lib/gcc/avr/4.5.3/../../../avr/lib/avr5/libc.a
LOAD /usr/lib/gcc/avr/4.5.3/avr5/libgcc.a

.hash
 *(.hash)

.dynsym
 *(.dynsym)

.dynstr
 *(.dynstr)

.gnu.version
 *(.gnu.version)

.gnu.version_d
 *(.gnu.version_d)

.gnu.version_r
 *(.gnu.version_r)

.rel.init
 *(.rel.init)

.rela.init
 *(.rela.init)

.rel.text
 *(.rel.text)
 *(.rel.text.*)
 *(.rel.gnu.linkonce.t*)

.rela.text
 *(.rela.text)
 *(.rela.text.*)
 *(.rela.gnu.linkonce.t*)

.rel.fini
 *(.rel.fini)

.rela.fini
 *(.rela.fini)

.rel.rodata
 *(.rel.rodata)
 *(.rel.rodata.*)
 *(.rel.gnu.linkonce.r*)

.rela.rodata
 *(.rela.rodata)
 *(.rela.rodata.*)
 *(.rela.gnu.linkonce.r*)

.rel.data
 *(.rel.data)
 *(.rel.data.*)
 *(.rel.gnu.linkonce.d*)

.rela.data
 *(.rela.data)
 *(.rela.data.*)
 *(.rela.gnu.linkonce.d*)

.rel.ctors
 *(.rel.ctors)

.rela.ctors
 *(.rela.ctors)

.rel.dtors
 *(.rel.dtors)

.rela.dtors
 *(.rela.dtors)

.rel.got
 *(.rel.got)

.rela.got
 *(.rela.got)

.rel.bss
 *(.rel.bss)

.rela.bss
 *(.rela.bss)

.rel.plt
 *(.rel.plt)

.rela.plt
 *(.rela.plt)

.text           0x0000000000000000      0xa9a
 *(.vectors)
 .vectors       0x0000000000000000       0x68 /usr/lib/gcc/avr/4.5.3/../../../avr/lib/avr5/crtm168.o
                0x0000000000000000                __vectors
                0x0000000000000000                __vector_default
 *(.vectors)
 *(.progmem.gcc*)
 *(.progmem*)
 .progmem.data  0x0000000000000068       0x5a /home/amp/shared/polygraph/eclipse-workspace/ArduinoCore/168_16MHz/libArduinoCore.a(wiring_digital.o)
                0x0000000000000068                port_to_mode_PGM
                0x0000000000000072                port_to_output_PGM
                0x000000000000007c                port_to_input_PGM
                0x0000000000000086                digital_pin_to_port_PGM
                0x000000000000009a                digital_pin_to_bit_mask_PGM
                0x00000000000000ae                digital_pin_to_timer_PGM
                0x00000000000000c2                . = ALIGN (0x2)
                0x00000000000000c2                __trampolines_start = .
 *(.trampolines)
 .trampolines   0x00000000000000c2        0x0 linker stubs
 *(.trampolines*)
                0x00000000000000c2                __trampolines_end = .
 *(.jumptables)
 *(.jumptables*)
 *(.lowtext)
 *(.lowtext*)
                0x00000000000000c2                __ctors_start = .
 *(.ctors)
 .ctors         0x00000000000000c2        0x2 /home/amp/shared/polygraph/eclipse-workspace/ArduinoCore/168_16MHz/libArduinoCore.a(HardwareSerial.o)
                0x00000000000000c4                __ctors_end = .
                0x00000000000000c4                __dtors_start = .
 *(.dtors)
                0x00000000000000c4                __dtors_end = .
 SORT(*)(.ctors)
 SORT(*)(.dtors)
 *(.init0)
 .init0         0x00000000000000c4        0x0 /usr/lib/gcc/avr/4.5.3/../../../avr/lib/avr5/crtm168.o
                0x00000000000000c4                __init
 *(.init0)
 *(.init1)
 *(.init1)
 *(.init2)
 .init2         0x00000000000000c4        0xc /usr/lib/gcc/avr/4.5.3/../../../avr/lib/avr5/crtm168.o
 *(.init2)
 *(.init3)
 *(.init3)
 *(.init4)
 .init4         0x00000000000000d0       0x16 /usr/lib/gcc/avr/4.5.3/avr5/libgcc.a(_copy_data.o)
                0x00000000000000d0                __do_copy_data
 .init4         0x00000000000000e6       0x10 /usr/lib/gcc/avr/4.5.3/avr5/libgcc.a(_clear_bss.o)
                0x00000000000000e6                __do_clear_bss
 *(.init4)
 *(.init5)
 *(.init5)
 *(.init6)
 .init6         0x00000000000000f6       0x16 /usr/lib/gcc/avr/4.5.3/avr5/libgcc.a(_ctors.o)
                0x00000000000000f6                __do_global_ctors
 *(.init6)
 *(.init7)
 *(.init7)
 *(.init8)
 *(.init8)
 *(.init9)
 .init9         0x000000000000010c        0x8 /usr/lib/gcc/avr/4.5.3/../../../avr/lib/avr5/crtm168.o
 *(.init9)
 *(.text)
 .text          0x0000000000000114        0x4 /usr/lib/gcc/avr/4.5.3/../../../avr/lib/avr5/crtm168.o
                0x0000000000000114                __vector_22
                0x0000000000000114                __vector_24
                0x0000000000000114                __vector_12
                0x0000000000000114                __bad_interrupt
                0x0000000000000114                __vector_6
                0x0000000000000114                __vector_3
                0x0000000000000114                __vector_23
                0x0000000000000114                __vector_25
                0x0000000000000114                __vector_11
                0x0000000000000114                __vector_17
                0x0000000000000114                __vector_7
                0x0000000000000114                __vector_5
                0x0000000000000114                __vector_4
                0x0000000000000114                __vector_9
                0x0000000000000114                __vector_21
                0x0000000000000114                __vector_15
                0x0000000000000114                __vector_8
                0x0000000000000114                __vector_14
                0x0000000000000114                __vector_10
                0x0000000000000114                __vector_20
                0x0000000000000118                . = ALIGN (0x2)
 *(.text.*)
 .text._Z9cleantimev
                0x0000000000000118        0xe ./src/BluetoothDemo.o
                0x0000000000000118                _Z9cleantimev
 .text.__vector_13
                0x0000000000000126       0x46 ./src/BluetoothDemo.o
                0x0000000000000126                __vector_13
 .text._Z11init_timer2v
                0x000000000000016c       0x32 ./src/BluetoothDemo.o
                0x000000000000016c                _Z11init_timer2v
 .text.setup    0x000000000000019e       0x34 ./src/BluetoothDemo.o
                0x000000000000019e                setup
 .text.loop     0x00000000000001d2       0x3a ./src/BluetoothDemo.o
                0x00000000000001d2                loop
 .text.main     0x000000000000020c        0xe ./src/BluetoothDemo.o
                0x000000000000020c                main
 .text._ZN14HardwareSerial9availableEv
                0x000000000000021a       0x26 /home/amp/shared/polygraph/eclipse-workspace/ArduinoCore/168_16MHz/libArduinoCore.a(HardwareSerial.o)
                0x000000000000021a                _ZN14HardwareSerial9availableEv
 .text._ZN14HardwareSerial4peekEv
                0x0000000000000240       0x38 /home/amp/shared/polygraph/eclipse-workspace/ArduinoCore/168_16MHz/libArduinoCore.a(HardwareSerial.o)
                0x0000000000000240                _ZN14HardwareSerial4peekEv
 .text._ZN14HardwareSerial4readEv
                0x0000000000000278       0x44 /home/amp/shared/polygraph/eclipse-workspace/ArduinoCore/168_16MHz/libArduinoCore.a(HardwareSerial.o)
                0x0000000000000278                _ZN14HardwareSerial4readEv
 .text._ZN14HardwareSerial5flushEv
                0x00000000000002bc       0x16 /home/amp/shared/polygraph/eclipse-workspace/ArduinoCore/168_16MHz/libArduinoCore.a(HardwareSerial.o)
                0x00000000000002bc                _ZN14HardwareSerial5flushEv
 .text._ZN14HardwareSerial5writeEh
                0x00000000000002d2       0x78 /home/amp/shared/polygraph/eclipse-workspace/ArduinoCore/168_16MHz/libArduinoCore.a(HardwareSerial.o)
                0x00000000000002d2                _ZN14HardwareSerial5writeEh
 .text._Z10store_charhP11ring_buffer
                0x000000000000034a       0x34 /home/amp/shared/polygraph/eclipse-workspace/ArduinoCore/168_16MHz/libArduinoCore.a(HardwareSerial.o)
                0x000000000000034a                _Z10store_charhP11ring_buffer
 .text.__vector_18
                0x000000000000037e       0x5e /home/amp/shared/polygraph/eclipse-workspace/ArduinoCore/168_16MHz/libArduinoCore.a(HardwareSerial.o)
                0x000000000000037e                __vector_18
 .text.__vector_19
                0x00000000000003dc       0x76 /home/amp/shared/polygraph/eclipse-workspace/ArduinoCore/168_16MHz/libArduinoCore.a(HardwareSerial.o)
                0x00000000000003dc                __vector_19
 .text._ZN14HardwareSerial5beginEm
                0x0000000000000452       0xfe /home/amp/shared/polygraph/eclipse-workspace/ArduinoCore/168_16MHz/libArduinoCore.a(HardwareSerial.o)
                0x0000000000000452                _ZN14HardwareSerial5beginEm
 .text._GLOBAL__I_rx_buffer
                0x0000000000000550       0x82 /home/amp/shared/polygraph/eclipse-workspace/ArduinoCore/168_16MHz/libArduinoCore.a(HardwareSerial.o)
 .text._ZN5Print5writeEPKhj
                0x00000000000005d2       0x54 /home/amp/shared/polygraph/eclipse-workspace/ArduinoCore/168_16MHz/libArduinoCore.a(Print.o)
                0x00000000000005d2                _ZN5Print5writeEPKhj
 .text._ZN5Print5writeEPKc
                0x0000000000000626       0x32 /home/amp/shared/polygraph/eclipse-workspace/ArduinoCore/168_16MHz/libArduinoCore.a(Print.o)
                0x0000000000000626                _ZN5Print5writeEPKc
 .text._ZN5Print5printEPKc
                0x0000000000000658        0x6 /home/amp/shared/polygraph/eclipse-workspace/ArduinoCore/168_16MHz/libArduinoCore.a(Print.o)
                0x0000000000000658                _ZN5Print5printEPKc
 .text.attachInterrupt
                0x000000000000065e       0x40 /home/amp/shared/polygraph/eclipse-workspace/ArduinoCore/168_16MHz/libArduinoCore.a(WInterrupts.o)
                0x000000000000065e                attachInterrupt
 .text.__vector_1
                0x000000000000069e       0x5a /home/amp/shared/polygraph/eclipse-workspace/ArduinoCore/168_16MHz/libArduinoCore.a(WInterrupts.o)
                0x000000000000069e                __vector_1
 .text.__vector_2
                0x00000000000006f8       0x5a /home/amp/shared/polygraph/eclipse-workspace/ArduinoCore/168_16MHz/libArduinoCore.a(WInterrupts.o)
                0x00000000000006f8                __vector_2
 .text.__vector_16
                0x0000000000000752       0x90 /home/amp/shared/polygraph/eclipse-workspace/ArduinoCore/168_16MHz/libArduinoCore.a(wiring.o)
                0x0000000000000752                __vector_16
 .text.micros   0x00000000000007e2       0x4c /home/amp/shared/polygraph/eclipse-workspace/ArduinoCore/168_16MHz/libArduinoCore.a(wiring.o)
                0x00000000000007e2                micros
 .text.delay    0x000000000000082e       0x4e /home/amp/shared/polygraph/eclipse-workspace/ArduinoCore/168_16MHz/libArduinoCore.a(wiring.o)
                0x000000000000082e                delay
 .text.init     0x000000000000087c       0x76 /home/amp/shared/polygraph/eclipse-workspace/ArduinoCore/168_16MHz/libArduinoCore.a(wiring.o)
                0x000000000000087c                init
 .text.turnOffPWM
                0x00000000000008f2       0x5a /home/amp/shared/polygraph/eclipse-workspace/ArduinoCore/168_16MHz/libArduinoCore.a(wiring_digital.o)
 .text.pinMode  0x000000000000094c       0x8a /home/amp/shared/polygraph/eclipse-workspace/ArduinoCore/168_16MHz/libArduinoCore.a(wiring_digital.o)
                0x000000000000094c                pinMode
 .text.digitalWrite
                0x00000000000009d6       0x70 /home/amp/shared/polygraph/eclipse-workspace/ArduinoCore/168_16MHz/libArduinoCore.a(wiring_digital.o)
                0x00000000000009d6                digitalWrite
 .text.libgcc   0x0000000000000a46       0x44 /usr/lib/gcc/avr/4.5.3/avr5/libgcc.a(_udivmodsi4.o)
                0x0000000000000a46                __udivmodsi4
 .text.libgcc   0x0000000000000a8a        0xc /usr/lib/gcc/avr/4.5.3/avr5/libgcc.a(_tablejump.o)
                0x0000000000000a8a                __tablejump2__
                0x0000000000000a8e                __tablejump__
                0x0000000000000a96                . = ALIGN (0x2)
 *(.fini9)
 .fini9         0x0000000000000a96        0x0 /usr/lib/gcc/avr/4.5.3/avr5/libgcc.a(_exit.o)
                0x0000000000000a96                exit
                0x0000000000000a96                _exit
 *(.fini9)
 *(.fini8)
 *(.fini8)
 *(.fini7)
 *(.fini7)
 *(.fini6)
 *(.fini6)
 *(.fini5)
 *(.fini5)
 *(.fini4)
 *(.fini4)
 *(.fini3)
 *(.fini3)
 *(.fini2)
 *(.fini2)
 *(.fini1)
 *(.fini1)
 *(.fini0)
 .fini0         0x0000000000000a96        0x4 /usr/lib/gcc/avr/4.5.3/avr5/libgcc.a(_exit.o)
 *(.fini0)
                0x0000000000000a9a                _etext = .

.data           0x0000000000800100       0x1a load address 0x0000000000000a9a
                0x0000000000800100                PROVIDE (__data_start, .)
 *(.data)
 .data          0x0000000000800100        0xa ./src/BluetoothDemo.o
 *(.data*)
 *(.rodata)
 *(.rodata*)
 .rodata._ZTV14HardwareSerial
                0x000000000080010a       0x10 /home/amp/shared/polygraph/eclipse-workspace/ArduinoCore/168_16MHz/libArduinoCore.a(HardwareSerial.o)
                0x000000000080010a                _ZTV14HardwareSerial
 *(.gnu.linkonce.d*)
                0x000000000080011a                . = ALIGN (0x2)
                0x000000000080011a                _edata = .
                0x000000000080011a                PROVIDE (__data_end, .)

.bss            0x000000000080011a       0xba
                0x000000000080011a                PROVIDE (__bss_start, .)
 *(.bss)
 *(.bss*)
 .bss.timeout   0x000000000080011a        0x2 ./src/BluetoothDemo.o
                0x000000000080011a                timeout
 .bss.state     0x000000000080011c        0x1 ./src/BluetoothDemo.o
                0x000000000080011c                state
 .bss.rx_buffer
                0x000000000080011d       0x44 /home/amp/shared/polygraph/eclipse-workspace/ArduinoCore/168_16MHz/libArduinoCore.a(HardwareSerial.o)
                0x000000000080011d                rx_buffer
 .bss.tx_buffer
                0x0000000000800161       0x44 /home/amp/shared/polygraph/eclipse-workspace/ArduinoCore/168_16MHz/libArduinoCore.a(HardwareSerial.o)
                0x0000000000800161                tx_buffer
 .bss.Serial    0x00000000008001a5       0x22 /home/amp/shared/polygraph/eclipse-workspace/ArduinoCore/168_16MHz/libArduinoCore.a(HardwareSerial.o)
                0x00000000008001a5                Serial
 .bss.intFunc   0x00000000008001c7        0x4 /home/amp/shared/polygraph/eclipse-workspace/ArduinoCore/168_16MHz/libArduinoCore.a(WInterrupts.o)
 .bss.timer0_overflow_count
                0x00000000008001cb        0x4 /home/amp/shared/polygraph/eclipse-workspace/ArduinoCore/168_16MHz/libArduinoCore.a(wiring.o)
                0x00000000008001cb                timer0_overflow_count
 .bss.timer0_millis
                0x00000000008001cf        0x4 /home/amp/shared/polygraph/eclipse-workspace/ArduinoCore/168_16MHz/libArduinoCore.a(wiring.o)
                0x00000000008001cf                timer0_millis
 .bss.timer0_fract
                0x00000000008001d3        0x1 /home/amp/shared/polygraph/eclipse-workspace/ArduinoCore/168_16MHz/libArduinoCore.a(wiring.o)
 *(COMMON)
                0x00000000008001d4                PROVIDE (__bss_end, .)
                0x0000000000000a9a                __data_load_start = LOADADDR (.data)
                0x0000000000000ab4                __data_load_end = (__data_load_start + SIZEOF (.data))

.noinit         0x00000000008001d4        0x0
                0x00000000008001d4                PROVIDE (__noinit_start, .)
 *(.noinit*)
                0x00000000008001d4                PROVIDE (__noinit_end, .)
                0x00000000008001d4                _end = .
                0x00000000008001d4                PROVIDE (__heap_start, .)

.eeprom         0x0000000000810000        0x0
 *(.eeprom*)
                0x0000000000810000                __eeprom_end = .

.fuse
 *(.fuse)
 *(.lfuse)
 *(.hfuse)
 *(.efuse)

.lock
 *(.lock*)

.signature
 *(.signature*)

.stab           0x0000000000000000     0x4b9c
 *(.stab)
 .stab          0x0000000000000000      0x6cc /usr/lib/gcc/avr/4.5.3/../../../avr/lib/avr5/crtm168.o
 .stab          0x00000000000006cc      0x75c ./src/BluetoothDemo.o
                                        0x768 (size before relaxing)
 .stab          0x0000000000000e28      0x474 ./src/Main.o
                                        0x7c8 (size before relaxing)
 .stab          0x000000000000129c      0xb7c /home/amp/shared/polygraph/eclipse-workspace/ArduinoCore/168_16MHz/libArduinoCore.a(HardwareSerial.o)
                                        0xfb4 (size before relaxing)
 .stab          0x0000000000001e18      0x5dc /home/amp/shared/polygraph/eclipse-workspace/ArduinoCore/168_16MHz/libArduinoCore.a(Print.o)
                                       0x1224 (size before relaxing)
 .stab          0x00000000000023f4      0x66c /home/amp/shared/polygraph/eclipse-workspace/ArduinoCore/168_16MHz/libArduinoCore.a(WInterrupts.o)
                                        0x6e4 (size before relaxing)
 .stab          0x0000000000002a60      0x3fc /home/amp/shared/polygraph/eclipse-workspace/ArduinoCore/168_16MHz/libArduinoCore.a(WString.o)
                                       0x2430 (size before relaxing)
 .stab          0x0000000000002e5c      0x1c8 /home/amp/shared/polygraph/eclipse-workspace/ArduinoCore/168_16MHz/libArduinoCore.a(new.o)
                                        0x300 (size before relaxing)
 .stab          0x0000000000003024      0x558 /home/amp/shared/polygraph/eclipse-workspace/ArduinoCore/168_16MHz/libArduinoCore.a(wiring.o)
                                        0x960 (size before relaxing)
 .stab          0x000000000000357c      0x174 /home/amp/shared/polygraph/eclipse-workspace/ArduinoCore/168_16MHz/libArduinoCore.a(wiring_analog.o)
                                        0x7e0 (size before relaxing)
 .stab          0x00000000000036f0      0x528 /home/amp/shared/polygraph/eclipse-workspace/ArduinoCore/168_16MHz/libArduinoCore.a(wiring_digital.o)
                                        0xa68 (size before relaxing)
 .stab          0x0000000000003c18      0x360 /usr/lib/gcc/avr/4.5.3/../../../avr/lib/avr5/libc.a(malloc.o)
                                        0x75c (size before relaxing)
 .stab          0x0000000000003f78      0x12c /usr/lib/gcc/avr/4.5.3/../../../avr/lib/avr5/libc.a(realloc.o)
                                        0x5c4 (size before relaxing)
 .stab          0x00000000000040a4      0x1e0 /usr/lib/gcc/avr/4.5.3/../../../avr/lib/avr5/libc.a(atol.o)
                                        0x1ec (size before relaxing)
 .stab          0x0000000000004284       0x18 /usr/lib/gcc/avr/4.5.3/../../../avr/lib/avr5/libc.a(isspace.o)
                                         0xa8 (size before relaxing)
 .stab          0x000000000000429c       0x18 /usr/lib/gcc/avr/4.5.3/../../../avr/lib/avr5/libc.a(tolower.o)
                                         0xa8 (size before relaxing)
 .stab          0x00000000000042b4       0x18 /usr/lib/gcc/avr/4.5.3/../../../avr/lib/avr5/libc.a(toupper.o)
                                         0xa8 (size before relaxing)
 .stab          0x00000000000042cc       0x84 /usr/lib/gcc/avr/4.5.3/../../../avr/lib/avr5/libc.a(memcpy.o)
                                         0x90 (size before relaxing)
 .stab          0x0000000000004350       0xe4 /usr/lib/gcc/avr/4.5.3/../../../avr/lib/avr5/libc.a(memmove.o)
                                         0xf0 (size before relaxing)
 .stab          0x0000000000004434       0x9c /usr/lib/gcc/avr/4.5.3/../../../avr/lib/avr5/libc.a(strchr.o)
                                         0xa8 (size before relaxing)
 .stab          0x00000000000044d0       0x84 /usr/lib/gcc/avr/4.5.3/../../../avr/lib/avr5/libc.a(strcmp.o)
                                         0x90 (size before relaxing)
 .stab          0x0000000000004554       0x6c /usr/lib/gcc/avr/4.5.3/../../../avr/lib/avr5/libc.a(strcpy.o)
                                         0x78 (size before relaxing)
 .stab          0x00000000000045c0       0xc0 /usr/lib/gcc/avr/4.5.3/../../../avr/lib/avr5/libc.a(strncmp.o)
                                         0xcc (size before relaxing)
 .stab          0x0000000000004680       0xcc /usr/lib/gcc/avr/4.5.3/../../../avr/lib/avr5/libc.a(strncpy.o)
                                         0xd8 (size before relaxing)
 .stab          0x000000000000474c       0x9c /usr/lib/gcc/avr/4.5.3/../../../avr/lib/avr5/libc.a(strrchr.o)
                                         0xa8 (size before relaxing)
 .stab          0x00000000000047e8      0x150 /usr/lib/gcc/avr/4.5.3/../../../avr/lib/avr5/libc.a(strstr.o)
                                        0x15c (size before relaxing)
 .stab          0x0000000000004938       0x18 /usr/lib/gcc/avr/4.5.3/../../../avr/lib/avr5/libc.a(itoa.o)
                                        0x1bc (size before relaxing)
 .stab          0x0000000000004950       0x18 /usr/lib/gcc/avr/4.5.3/../../../avr/lib/avr5/libc.a(ltoa.o)
                                        0x2a0 (size before relaxing)
 .stab          0x0000000000004968      0x114 /usr/lib/gcc/avr/4.5.3/../../../avr/lib/avr5/libc.a(mulsi10.o)
                                        0x120 (size before relaxing)
 .stab          0x0000000000004a7c       0x18 /usr/lib/gcc/avr/4.5.3/../../../avr/lib/avr5/libc.a(ultoa.o)
                                        0x1ec (size before relaxing)
 .stab          0x0000000000004a94       0x18 /usr/lib/gcc/avr/4.5.3/../../../avr/lib/avr5/libc.a(utoa.o)
                                        0x138 (size before relaxing)
 .stab          0x0000000000004aac       0x18 /usr/lib/gcc/avr/4.5.3/../../../avr/lib/avr5/libc.a(cty_isfalse.o)
                                         0x6c (size before relaxing)
 .stab          0x0000000000004ac4       0xd8 /usr/lib/gcc/avr/4.5.3/../../../avr/lib/avr5/libc.a(strrev.o)
                                         0xe4 (size before relaxing)

.stabstr        0x0000000000000000     0x4655
 *(.stabstr)
 .stabstr       0x0000000000000000     0x4655 /usr/lib/gcc/avr/4.5.3/../../../avr/lib/avr5/crtm168.o

.stab.excl
 *(.stab.excl)

.stab.exclstr
 *(.stab.exclstr)

.stab.index
 *(.stab.index)

.stab.indexstr
 *(.stab.indexstr)

.comment
 *(.comment)

.debug
 *(.debug)

.line
 *(.line)

.debug_srcinfo
 *(.debug_srcinfo)

.debug_sfnames
 *(.debug_sfnames)

.debug_aranges
 *(.debug_aranges)

.debug_pubnames
 *(.debug_pubnames)

.debug_info
 *(.debug_info)
 *(.gnu.linkonce.wi.*)

.debug_abbrev
 *(.debug_abbrev)

.debug_line
 *(.debug_line)

.debug_frame
 *(.debug_frame)

.debug_str
 *(.debug_str)

.debug_loc
 *(.debug_loc)

.debug_macinfo
 *(.debug_macinfo)
OUTPUT(PolyGraphFirmware.elf elf32-avr)
LOAD linker stubs

Cross Reference Table

Symbol                                            File
HardwareSerial::HardwareSerial(ring_buffer*, ring_buffer*, unsigned char volatile*, unsigned char volatile*, unsigned char volatile*, unsigned char volatile*, unsigned char volatile*, unsigned char volatile*, unsigned char, unsigned char, unsigned char, unsigned char, unsigned char) /home/amp/shared/polygraph/eclipse-workspace/ArduinoCore/168_16MHz/libArduinoCore.a(HardwareSerial.o)
HardwareSerial::HardwareSerial(ring_buffer*, ring_buffer*, unsigned char volatile*, unsigned char volatile*, unsigned char volatile*, unsigned char volatile*, unsigned char volatile*, unsigned char volatile*, unsigned char, unsigned char, unsigned char, unsigned char, unsigned char) /home/amp/shared/polygraph/eclipse-workspace/ArduinoCore/168_16MHz/libArduinoCore.a(HardwareSerial.o)
HardwareSerial::available()                       /home/amp/shared/polygraph/eclipse-workspace/ArduinoCore/168_16MHz/libArduinoCore.a(HardwareSerial.o)
HardwareSerial::begin(unsigned long)              /home/amp/shared/polygraph/eclipse-workspace/ArduinoCore/168_16MHz/libArduinoCore.a(HardwareSerial.o)
                                                  ./src/BluetoothDemo.o
HardwareSerial::begin(unsigned long, unsigned char) /home/amp/shared/polygraph/eclipse-workspace/ArduinoCore/168_16MHz/libArduinoCore.a(HardwareSerial.o)
HardwareSerial::end()                             /home/amp/shared/polygraph/eclipse-workspace/ArduinoCore/168_16MHz/libArduinoCore.a(HardwareSerial.o)
HardwareSerial::flush()                           /home/amp/shared/polygraph/eclipse-workspace/ArduinoCore/168_16MHz/libArduinoCore.a(HardwareSerial.o)
HardwareSerial::operator bool()                   /home/amp/shared/polygraph/eclipse-workspace/ArduinoCore/168_16MHz/libArduinoCore.a(HardwareSerial.o)
HardwareSerial::peek()                            /home/amp/shared/polygraph/eclipse-workspace/ArduinoCore/168_16MHz/libArduinoCore.a(HardwareSerial.o)
HardwareSerial::read()                            /home/amp/shared/polygraph/eclipse-workspace/ArduinoCore/168_16MHz/libArduinoCore.a(HardwareSerial.o)
HardwareSerial::write(int)                        ./src/Main.o
HardwareSerial::write(long)                       ./src/Main.o
HardwareSerial::write(unsigned char)              /home/amp/shared/polygraph/eclipse-workspace/ArduinoCore/168_16MHz/libArduinoCore.a(HardwareSerial.o)
Print::print(Printable const&)                    /home/amp/shared/polygraph/eclipse-workspace/ArduinoCore/168_16MHz/libArduinoCore.a(Print.o)
Print::print(String const&)                       /home/amp/shared/polygraph/eclipse-workspace/ArduinoCore/168_16MHz/libArduinoCore.a(Print.o)
Print::print(__FlashStringHelper const*)          /home/amp/shared/polygraph/eclipse-workspace/ArduinoCore/168_16MHz/libArduinoCore.a(Print.o)
Print::print(char const*)                         /home/amp/shared/polygraph/eclipse-workspace/ArduinoCore/168_16MHz/libArduinoCore.a(Print.o)
                                                  ./src/BluetoothDemo.o
Print::print(char)                                /home/amp/shared/polygraph/eclipse-workspace/ArduinoCore/168_16MHz/libArduinoCore.a(Print.o)
Print::print(double, int)                         /home/amp/shared/polygraph/eclipse-workspace/ArduinoCore/168_16MHz/libArduinoCore.a(Print.o)
Print::print(int, int)                            /home/amp/shared/polygraph/eclipse-workspace/ArduinoCore/168_16MHz/libArduinoCore.a(Print.o)
Print::print(long, int)                           /home/amp/shared/polygraph/eclipse-workspace/ArduinoCore/168_16MHz/libArduinoCore.a(Print.o)
Print::print(unsigned char, int)                  /home/amp/shared/polygraph/eclipse-workspace/ArduinoCore/168_16MHz/libArduinoCore.a(Print.o)
Print::print(unsigned int, int)                   /home/amp/shared/polygraph/eclipse-workspace/ArduinoCore/168_16MHz/libArduinoCore.a(Print.o)
Print::print(unsigned long, int)                  /home/amp/shared/polygraph/eclipse-workspace/ArduinoCore/168_16MHz/libArduinoCore.a(Print.o)
Print::printFloat(double, unsigned char)          /home/amp/shared/polygraph/eclipse-workspace/ArduinoCore/168_16MHz/libArduinoCore.a(Print.o)
Print::printNumber(unsigned long, unsigned char)  /home/amp/shared/polygraph/eclipse-workspace/ArduinoCore/168_16MHz/libArduinoCore.a(Print.o)
Print::println()                                  /home/amp/shared/polygraph/eclipse-workspace/ArduinoCore/168_16MHz/libArduinoCore.a(Print.o)
Print::println(Printable const&)                  /home/amp/shared/polygraph/eclipse-workspace/ArduinoCore/168_16MHz/libArduinoCore.a(Print.o)
Print::println(String const&)                     /home/amp/shared/polygraph/eclipse-workspace/ArduinoCore/168_16MHz/libArduinoCore.a(Print.o)
Print::println(__FlashStringHelper const*)        /home/amp/shared/polygraph/eclipse-workspace/ArduinoCore/168_16MHz/libArduinoCore.a(Print.o)
Print::println(char const*)                       /home/amp/shared/polygraph/eclipse-workspace/ArduinoCore/168_16MHz/libArduinoCore.a(Print.o)
Print::println(char)                              /home/amp/shared/polygraph/eclipse-workspace/ArduinoCore/168_16MHz/libArduinoCore.a(Print.o)
Print::println(double, int)                       /home/amp/shared/polygraph/eclipse-workspace/ArduinoCore/168_16MHz/libArduinoCore.a(Print.o)
Print::println(int, int)                          /home/amp/shared/polygraph/eclipse-workspace/ArduinoCore/168_16MHz/libArduinoCore.a(Print.o)
Print::println(long, int)                         /home/amp/shared/polygraph/eclipse-workspace/ArduinoCore/168_16MHz/libArduinoCore.a(Print.o)
Print::println(unsigned char, int)                /home/amp/shared/polygraph/eclipse-workspace/ArduinoCore/168_16MHz/libArduinoCore.a(Print.o)
Print::println(unsigned int, int)                 /home/amp/shared/polygraph/eclipse-workspace/ArduinoCore/168_16MHz/libArduinoCore.a(Print.o)
Print::println(unsigned long, int)                /home/amp/shared/polygraph/eclipse-workspace/ArduinoCore/168_16MHz/libArduinoCore.a(Print.o)
Print::write(char const*)                         /home/amp/shared/polygraph/eclipse-workspace/ArduinoCore/168_16MHz/libArduinoCore.a(Print.o)
Print::write(unsigned char const*, unsigned int)  /home/amp/shared/polygraph/eclipse-workspace/ArduinoCore/168_16MHz/libArduinoCore.a(Print.o)
                                                  /home/amp/shared/polygraph/eclipse-workspace/ArduinoCore/168_16MHz/libArduinoCore.a(HardwareSerial.o)
Serial                                            /home/amp/shared/polygraph/eclipse-workspace/ArduinoCore/168_16MHz/libArduinoCore.a(HardwareSerial.o)
                                                  ./src/Main.o
                                                  ./src/BluetoothDemo.o
String::String(String const&)                     /home/amp/shared/polygraph/eclipse-workspace/ArduinoCore/168_16MHz/libArduinoCore.a(WString.o)
String::String(String const&)                     /home/amp/shared/polygraph/eclipse-workspace/ArduinoCore/168_16MHz/libArduinoCore.a(WString.o)
String::String(char const*)                       /home/amp/shared/polygraph/eclipse-workspace/ArduinoCore/168_16MHz/libArduinoCore.a(WString.o)
String::String(char const*)                       /home/amp/shared/polygraph/eclipse-workspace/ArduinoCore/168_16MHz/libArduinoCore.a(WString.o)
String::String(char)                              /home/amp/shared/polygraph/eclipse-workspace/ArduinoCore/168_16MHz/libArduinoCore.a(WString.o)
String::String(char)                              /home/amp/shared/polygraph/eclipse-workspace/ArduinoCore/168_16MHz/libArduinoCore.a(WString.o)
String::String(int, unsigned char)                /home/amp/shared/polygraph/eclipse-workspace/ArduinoCore/168_16MHz/libArduinoCore.a(WString.o)
String::String(int, unsigned char)                /home/amp/shared/polygraph/eclipse-workspace/ArduinoCore/168_16MHz/libArduinoCore.a(WString.o)
String::String(long, unsigned char)               /home/amp/shared/polygraph/eclipse-workspace/ArduinoCore/168_16MHz/libArduinoCore.a(WString.o)
String::String(long, unsigned char)               /home/amp/shared/polygraph/eclipse-workspace/ArduinoCore/168_16MHz/libArduinoCore.a(WString.o)
String::String(unsigned char, unsigned char)      /home/amp/shared/polygraph/eclipse-workspace/ArduinoCore/168_16MHz/libArduinoCore.a(WString.o)
String::String(unsigned char, unsigned char)      /home/amp/shared/polygraph/eclipse-workspace/ArduinoCore/168_16MHz/libArduinoCore.a(WString.o)
String::String(unsigned int, unsigned char)       /home/amp/shared/polygraph/eclipse-workspace/ArduinoCore/168_16MHz/libArduinoCore.a(WString.o)
String::String(unsigned int, unsigned char)       /home/amp/shared/polygraph/eclipse-workspace/ArduinoCore/168_16MHz/libArduinoCore.a(WString.o)
String::String(unsigned long, unsigned char)      /home/amp/shared/polygraph/eclipse-workspace/ArduinoCore/168_16MHz/libArduinoCore.a(WString.o)
String::String(unsigned long, unsigned char)      /home/amp/shared/polygraph/eclipse-workspace/ArduinoCore/168_16MHz/libArduinoCore.a(WString.o)
String::changeBuffer(unsigned int)                /home/amp/shared/polygraph/eclipse-workspace/ArduinoCore/168_16MHz/libArduinoCore.a(WString.o)
String::charAt(unsigned int) const                /home/amp/shared/polygraph/eclipse-workspace/ArduinoCore/168_16MHz/libArduinoCore.a(WString.o)
String::compareTo(String const&) const            /home/amp/shared/polygraph/eclipse-workspace/ArduinoCore/168_16MHz/libArduinoCore.a(WString.o)
String::concat(String const&)                     /home/amp/shared/polygraph/eclipse-workspace/ArduinoCore/168_16MHz/libArduinoCore.a(WString.o)
String::concat(char const*)                       /home/amp/shared/polygraph/eclipse-workspace/ArduinoCore/168_16MHz/libArduinoCore.a(WString.o)
String::concat(char const*, unsigned int)         /home/amp/shared/polygraph/eclipse-workspace/ArduinoCore/168_16MHz/libArduinoCore.a(WString.o)
String::concat(char)                              /home/amp/shared/polygraph/eclipse-workspace/ArduinoCore/168_16MHz/libArduinoCore.a(WString.o)
String::concat(int)                               /home/amp/shared/polygraph/eclipse-workspace/ArduinoCore/168_16MHz/libArduinoCore.a(WString.o)
String::concat(long)                              /home/amp/shared/polygraph/eclipse-workspace/ArduinoCore/168_16MHz/libArduinoCore.a(WString.o)
String::concat(unsigned char)                     /home/amp/shared/polygraph/eclipse-workspace/ArduinoCore/168_16MHz/libArduinoCore.a(WString.o)
String::concat(unsigned int)                      /home/amp/shared/polygraph/eclipse-workspace/ArduinoCore/168_16MHz/libArduinoCore.a(WString.o)
String::concat(unsigned long)                     /home/amp/shared/polygraph/eclipse-workspace/ArduinoCore/168_16MHz/libArduinoCore.a(WString.o)
String::copy(char const*, unsigned int)           /home/amp/shared/polygraph/eclipse-workspace/ArduinoCore/168_16MHz/libArduinoCore.a(WString.o)
String::endsWith(String const&) const             /home/amp/shared/polygraph/eclipse-workspace/ArduinoCore/168_16MHz/libArduinoCore.a(WString.o)
String::equals(String const&) const               /home/amp/shared/polygraph/eclipse-workspace/ArduinoCore/168_16MHz/libArduinoCore.a(WString.o)
String::equals(char const*) const                 /home/amp/shared/polygraph/eclipse-workspace/ArduinoCore/168_16MHz/libArduinoCore.a(WString.o)
String::equalsIgnoreCase(String const&) const     /home/amp/shared/polygraph/eclipse-workspace/ArduinoCore/168_16MHz/libArduinoCore.a(WString.o)
String::getBytes(unsigned char*, unsigned int, unsigned int) const /home/amp/shared/polygraph/eclipse-workspace/ArduinoCore/168_16MHz/libArduinoCore.a(WString.o)
String::indexOf(String const&) const              /home/amp/shared/polygraph/eclipse-workspace/ArduinoCore/168_16MHz/libArduinoCore.a(WString.o)
String::indexOf(String const&, unsigned int) const /home/amp/shared/polygraph/eclipse-workspace/ArduinoCore/168_16MHz/libArduinoCore.a(WString.o)
String::indexOf(char) const                       /home/amp/shared/polygraph/eclipse-workspace/ArduinoCore/168_16MHz/libArduinoCore.a(WString.o)
String::indexOf(char, unsigned int) const         /home/amp/shared/polygraph/eclipse-workspace/ArduinoCore/168_16MHz/libArduinoCore.a(WString.o)
String::invalidate()                              /home/amp/shared/polygraph/eclipse-workspace/ArduinoCore/168_16MHz/libArduinoCore.a(WString.o)
String::lastIndexOf(String const&) const          /home/amp/shared/polygraph/eclipse-workspace/ArduinoCore/168_16MHz/libArduinoCore.a(WString.o)
String::lastIndexOf(String const&, unsigned int) const /home/amp/shared/polygraph/eclipse-workspace/ArduinoCore/168_16MHz/libArduinoCore.a(WString.o)
String::lastIndexOf(char) const                   /home/amp/shared/polygraph/eclipse-workspace/ArduinoCore/168_16MHz/libArduinoCore.a(WString.o)
String::lastIndexOf(char, unsigned int) const     /home/amp/shared/polygraph/eclipse-workspace/ArduinoCore/168_16MHz/libArduinoCore.a(WString.o)
String::operator<(String const&) const            /home/amp/shared/polygraph/eclipse-workspace/ArduinoCore/168_16MHz/libArduinoCore.a(WString.o)
String::operator<=(String const&) const           /home/amp/shared/polygraph/eclipse-workspace/ArduinoCore/168_16MHz/libArduinoCore.a(WString.o)
String::operator=(String const&)                  /home/amp/shared/polygraph/eclipse-workspace/ArduinoCore/168_16MHz/libArduinoCore.a(WString.o)
String::operator=(char const*)                    /home/amp/shared/polygraph/eclipse-workspace/ArduinoCore/168_16MHz/libArduinoCore.a(WString.o)
String::operator>(String const&) const            /home/amp/shared/polygraph/eclipse-workspace/ArduinoCore/168_16MHz/libArduinoCore.a(WString.o)
String::operator>=(String const&) const           /home/amp/shared/polygraph/eclipse-workspace/ArduinoCore/168_16MHz/libArduinoCore.a(WString.o)
String::operator[](unsigned int)                  /home/amp/shared/polygraph/eclipse-workspace/ArduinoCore/168_16MHz/libArduinoCore.a(WString.o)
String::operator[](unsigned int) const            /home/amp/shared/polygraph/eclipse-workspace/ArduinoCore/168_16MHz/libArduinoCore.a(WString.o)
                                                  /home/amp/shared/polygraph/eclipse-workspace/ArduinoCore/168_16MHz/libArduinoCore.a(Print.o)
String::replace(String const&, String const&)     /home/amp/shared/polygraph/eclipse-workspace/ArduinoCore/168_16MHz/libArduinoCore.a(WString.o)
String::replace(char, char)                       /home/amp/shared/polygraph/eclipse-workspace/ArduinoCore/168_16MHz/libArduinoCore.a(WString.o)
String::reserve(unsigned int)                     /home/amp/shared/polygraph/eclipse-workspace/ArduinoCore/168_16MHz/libArduinoCore.a(WString.o)
String::setCharAt(unsigned int, char)             /home/amp/shared/polygraph/eclipse-workspace/ArduinoCore/168_16MHz/libArduinoCore.a(WString.o)
String::startsWith(String const&) const           /home/amp/shared/polygraph/eclipse-workspace/ArduinoCore/168_16MHz/libArduinoCore.a(WString.o)
String::startsWith(String const&, unsigned int) const /home/amp/shared/polygraph/eclipse-workspace/ArduinoCore/168_16MHz/libArduinoCore.a(WString.o)
String::substring(unsigned int) const             /home/amp/shared/polygraph/eclipse-workspace/ArduinoCore/168_16MHz/libArduinoCore.a(WString.o)
String::substring(unsigned int, unsigned int) const /home/amp/shared/polygraph/eclipse-workspace/ArduinoCore/168_16MHz/libArduinoCore.a(WString.o)
String::toInt() const                             /home/amp/shared/polygraph/eclipse-workspace/ArduinoCore/168_16MHz/libArduinoCore.a(WString.o)
String::toLowerCase()                             /home/amp/shared/polygraph/eclipse-workspace/ArduinoCore/168_16MHz/libArduinoCore.a(WString.o)
String::toUpperCase()                             /home/amp/shared/polygraph/eclipse-workspace/ArduinoCore/168_16MHz/libArduinoCore.a(WString.o)
String::trim()                                    /home/amp/shared/polygraph/eclipse-workspace/ArduinoCore/168_16MHz/libArduinoCore.a(WString.o)
String::~String()                                 /home/amp/shared/polygraph/eclipse-workspace/ArduinoCore/168_16MHz/libArduinoCore.a(WString.o)
String::~String()                                 /home/amp/shared/polygraph/eclipse-workspace/ArduinoCore/168_16MHz/libArduinoCore.a(WString.o)
__addsf3                                          /usr/lib/gcc/avr/4.5.3/avr5/libgcc.a(_addsub_sf.o)
                                                  /home/amp/shared/polygraph/eclipse-workspace/ArduinoCore/168_16MHz/libArduinoCore.a(Print.o)
__bad_interrupt                                   /usr/lib/gcc/avr/4.5.3/../../../avr/lib/avr5/crtm168.o
__brkval                                          /usr/lib/gcc/avr/4.5.3/../../../avr/lib/avr5/libc.a(realloc.o)
                                                  /usr/lib/gcc/avr/4.5.3/../../../avr/lib/avr5/libc.a(malloc.o)
__bss_end                                         /usr/lib/gcc/avr/4.5.3/avr5/libgcc.a(_clear_bss.o)
__bss_start                                       /usr/lib/gcc/avr/4.5.3/avr5/libgcc.a(_clear_bss.o)
__clz_tab                                         /usr/lib/gcc/avr/4.5.3/avr5/libgcc.a(_clz.o)
                                                  /usr/lib/gcc/avr/4.5.3/avr5/libgcc.a(_clzsi2.o)
__clzsi2                                          /usr/lib/gcc/avr/4.5.3/avr5/libgcc.a(_clzsi2.o)
                                                  /usr/lib/gcc/avr/4.5.3/avr5/libgcc.a(_usi_to_sf.o)
                                                  /usr/lib/gcc/avr/4.5.3/avr5/libgcc.a(_si_to_sf.o)
__ctors_end                                       /usr/lib/gcc/avr/4.5.3/avr5/libgcc.a(_ctors.o)
__ctors_start                                     /usr/lib/gcc/avr/4.5.3/avr5/libgcc.a(_ctors.o)
__ctype_isfalse                                   /usr/lib/gcc/avr/4.5.3/../../../avr/lib/avr5/libc.a(cty_isfalse.o)
                                                  /usr/lib/gcc/avr/4.5.3/../../../avr/lib/avr5/libc.a(isspace.o)
__ctype_istrue                                    /usr/lib/gcc/avr/4.5.3/../../../avr/lib/avr5/libc.a(cty_isfalse.o)
__cxa_guard_abort                                 /home/amp/shared/polygraph/eclipse-workspace/ArduinoCore/168_16MHz/libArduinoCore.a(new.o)
__cxa_guard_acquire                               /home/amp/shared/polygraph/eclipse-workspace/ArduinoCore/168_16MHz/libArduinoCore.a(new.o)
__cxa_guard_release                               /home/amp/shared/polygraph/eclipse-workspace/ArduinoCore/168_16MHz/libArduinoCore.a(new.o)
__cxa_pure_virtual                                /home/amp/shared/polygraph/eclipse-workspace/ArduinoCore/168_16MHz/libArduinoCore.a(new.o)
                                                  /home/amp/shared/polygraph/eclipse-workspace/ArduinoCore/168_16MHz/libArduinoCore.a(Print.o)
                                                  /home/amp/shared/polygraph/eclipse-workspace/ArduinoCore/168_16MHz/libArduinoCore.a(HardwareSerial.o)
__data_end                                        /usr/lib/gcc/avr/4.5.3/avr5/libgcc.a(_copy_data.o)
__data_load_start                                 /usr/lib/gcc/avr/4.5.3/avr5/libgcc.a(_copy_data.o)
__data_start                                      /usr/lib/gcc/avr/4.5.3/avr5/libgcc.a(_copy_data.o)
__divsf3                                          /usr/lib/gcc/avr/4.5.3/avr5/libgcc.a(_div_sf.o)
                                                  /home/amp/shared/polygraph/eclipse-workspace/ArduinoCore/168_16MHz/libArduinoCore.a(Print.o)
__do_clear_bss                                    /usr/lib/gcc/avr/4.5.3/avr5/libgcc.a(_clear_bss.o)
                                                  /usr/lib/gcc/avr/4.5.3/../../../avr/lib/avr5/libc.a(malloc.o)
                                                  /home/amp/shared/polygraph/eclipse-workspace/ArduinoCore/168_16MHz/libArduinoCore.a(wiring.o)
                                                  /home/amp/shared/polygraph/eclipse-workspace/ArduinoCore/168_16MHz/libArduinoCore.a(WString.o)
                                                  /home/amp/shared/polygraph/eclipse-workspace/ArduinoCore/168_16MHz/libArduinoCore.a(WInterrupts.o)
                                                  /home/amp/shared/polygraph/eclipse-workspace/ArduinoCore/168_16MHz/libArduinoCore.a(HardwareSerial.o)
                                                  ./src/Main.o
                                                  ./src/BluetoothDemo.o
__do_copy_data                                    /usr/lib/gcc/avr/4.5.3/avr5/libgcc.a(_copy_data.o)
                                                  /usr/lib/gcc/avr/4.5.3/../../../avr/lib/avr5/libc.a(malloc.o)
                                                  /usr/lib/gcc/avr/4.5.3/avr5/libgcc.a(_clz.o)
                                                  /usr/lib/gcc/avr/4.5.3/avr5/libgcc.a(_thenan_sf.o)
                                                  /home/amp/shared/polygraph/eclipse-workspace/ArduinoCore/168_16MHz/libArduinoCore.a(wiring_analog.o)
                                                  /home/amp/shared/polygraph/eclipse-workspace/ArduinoCore/168_16MHz/libArduinoCore.a(WString.o)
                                                  /home/amp/shared/polygraph/eclipse-workspace/ArduinoCore/168_16MHz/libArduinoCore.a(Print.o)
                                                  /home/amp/shared/polygraph/eclipse-workspace/ArduinoCore/168_16MHz/libArduinoCore.a(HardwareSerial.o)
                                                  ./src/BluetoothDemo.o
__do_global_ctors                                 /usr/lib/gcc/avr/4.5.3/avr5/libgcc.a(_ctors.o)
                                                  /home/amp/shared/polygraph/eclipse-workspace/ArduinoCore/168_16MHz/libArduinoCore.a(HardwareSerial.o)
__epilogue_restores__                             /usr/lib/gcc/avr/4.5.3/avr5/libgcc.a(_epilogue.o)
                                                  /usr/lib/gcc/avr/4.5.3/../../../avr/lib/avr5/libc.a(realloc.o)
                                                  /usr/lib/gcc/avr/4.5.3/avr5/libgcc.a(_pack_sf.o)
                                                  /usr/lib/gcc/avr/4.5.3/avr5/libgcc.a(_usi_to_sf.o)
                                                  /usr/lib/gcc/avr/4.5.3/avr5/libgcc.a(_sf_to_si.o)
                                                  /usr/lib/gcc/avr/4.5.3/avr5/libgcc.a(_si_to_sf.o)
                                                  /usr/lib/gcc/avr/4.5.3/avr5/libgcc.a(_unord_sf.o)
                                                  /usr/lib/gcc/avr/4.5.3/avr5/libgcc.a(_le_sf.o)
                                                  /usr/lib/gcc/avr/4.5.3/avr5/libgcc.a(_lt_sf.o)
                                                  /usr/lib/gcc/avr/4.5.3/avr5/libgcc.a(_ge_sf.o)
                                                  /usr/lib/gcc/avr/4.5.3/avr5/libgcc.a(_gt_sf.o)
                                                  /usr/lib/gcc/avr/4.5.3/avr5/libgcc.a(_div_sf.o)
                                                  /usr/lib/gcc/avr/4.5.3/avr5/libgcc.a(_mul_sf.o)
                                                  /usr/lib/gcc/avr/4.5.3/avr5/libgcc.a(_addsub_sf.o)
__fixsfsi                                         /usr/lib/gcc/avr/4.5.3/avr5/libgcc.a(_sf_to_si.o)
                                                  /usr/lib/gcc/avr/4.5.3/avr5/libgcc.a(_fixunssfsi.o)
                                                  /home/amp/shared/polygraph/eclipse-workspace/ArduinoCore/168_16MHz/libArduinoCore.a(Print.o)
__fixunssfsi                                      /usr/lib/gcc/avr/4.5.3/avr5/libgcc.a(_fixunssfsi.o)
                                                  /home/amp/shared/polygraph/eclipse-workspace/ArduinoCore/168_16MHz/libArduinoCore.a(Print.o)
__floatsisf                                       /usr/lib/gcc/avr/4.5.3/avr5/libgcc.a(_si_to_sf.o)
                                                  /home/amp/shared/polygraph/eclipse-workspace/ArduinoCore/168_16MHz/libArduinoCore.a(Print.o)
__floatunsisf                                     /usr/lib/gcc/avr/4.5.3/avr5/libgcc.a(_usi_to_sf.o)
                                                  /home/amp/shared/polygraph/eclipse-workspace/ArduinoCore/168_16MHz/libArduinoCore.a(Print.o)
__flp                                             /usr/lib/gcc/avr/4.5.3/../../../avr/lib/avr5/libc.a(realloc.o)
                                                  /usr/lib/gcc/avr/4.5.3/../../../avr/lib/avr5/libc.a(malloc.o)
__fpcmp_parts_f                                   /usr/lib/gcc/avr/4.5.3/avr5/libgcc.a(_fpcmp_parts_sf.o)
                                                  /usr/lib/gcc/avr/4.5.3/avr5/libgcc.a(_le_sf.o)
                                                  /usr/lib/gcc/avr/4.5.3/avr5/libgcc.a(_lt_sf.o)
                                                  /usr/lib/gcc/avr/4.5.3/avr5/libgcc.a(_ge_sf.o)
                                                  /usr/lib/gcc/avr/4.5.3/avr5/libgcc.a(_gt_sf.o)
__gesf2                                           /usr/lib/gcc/avr/4.5.3/avr5/libgcc.a(_ge_sf.o)
                                                  /usr/lib/gcc/avr/4.5.3/avr5/libgcc.a(_fixunssfsi.o)
__gtsf2                                           /usr/lib/gcc/avr/4.5.3/avr5/libgcc.a(_gt_sf.o)
                                                  /home/amp/shared/polygraph/eclipse-workspace/ArduinoCore/168_16MHz/libArduinoCore.a(Print.o)
__heap_end                                        /usr/lib/gcc/avr/4.5.3/../../../avr/lib/avr5/crtm168.o
                                                  /usr/lib/gcc/avr/4.5.3/../../../avr/lib/avr5/libc.a(malloc.o)
__heap_start                                      /usr/lib/gcc/avr/4.5.3/../../../avr/lib/avr5/libc.a(malloc.o)
__init                                            /usr/lib/gcc/avr/4.5.3/../../../avr/lib/avr5/crtm168.o
__lesf2                                           /usr/lib/gcc/avr/4.5.3/avr5/libgcc.a(_le_sf.o)
                                                  /home/amp/shared/polygraph/eclipse-workspace/ArduinoCore/168_16MHz/libArduinoCore.a(Print.o)
__ltsf2                                           /usr/lib/gcc/avr/4.5.3/avr5/libgcc.a(_lt_sf.o)
                                                  /home/amp/shared/polygraph/eclipse-workspace/ArduinoCore/168_16MHz/libArduinoCore.a(Print.o)
__malloc_heap_end                                 /usr/lib/gcc/avr/4.5.3/../../../avr/lib/avr5/libc.a(malloc.o)
                                                  /usr/lib/gcc/avr/4.5.3/../../../avr/lib/avr5/libc.a(realloc.o)
__malloc_heap_start                               /usr/lib/gcc/avr/4.5.3/../../../avr/lib/avr5/libc.a(malloc.o)
__malloc_margin                                   /usr/lib/gcc/avr/4.5.3/../../../avr/lib/avr5/libc.a(malloc.o)
                                                  /usr/lib/gcc/avr/4.5.3/../../../avr/lib/avr5/libc.a(realloc.o)
__mulsf3                                          /usr/lib/gcc/avr/4.5.3/avr5/libgcc.a(_mul_sf.o)
                                                  /home/amp/shared/polygraph/eclipse-workspace/ArduinoCore/168_16MHz/libArduinoCore.a(Print.o)
__mulsi_const_10                                  /usr/lib/gcc/avr/4.5.3/../../../avr/lib/avr5/libc.a(mulsi10.o)
                                                  /usr/lib/gcc/avr/4.5.3/../../../avr/lib/avr5/libc.a(atol.o)
__pack_f                                          /usr/lib/gcc/avr/4.5.3/avr5/libgcc.a(_pack_sf.o)
                                                  /usr/lib/gcc/avr/4.5.3/avr5/libgcc.a(_usi_to_sf.o)
                                                  /usr/lib/gcc/avr/4.5.3/avr5/libgcc.a(_si_to_sf.o)
                                                  /usr/lib/gcc/avr/4.5.3/avr5/libgcc.a(_div_sf.o)
                                                  /usr/lib/gcc/avr/4.5.3/avr5/libgcc.a(_mul_sf.o)
                                                  /usr/lib/gcc/avr/4.5.3/avr5/libgcc.a(_addsub_sf.o)
__prologue_saves__                                /usr/lib/gcc/avr/4.5.3/avr5/libgcc.a(_prologue.o)
                                                  /usr/lib/gcc/avr/4.5.3/../../../avr/lib/avr5/libc.a(realloc.o)
                                                  /usr/lib/gcc/avr/4.5.3/avr5/libgcc.a(_usi_to_sf.o)
                                                  /usr/lib/gcc/avr/4.5.3/avr5/libgcc.a(_sf_to_si.o)
                                                  /usr/lib/gcc/avr/4.5.3/avr5/libgcc.a(_si_to_sf.o)
                                                  /usr/lib/gcc/avr/4.5.3/avr5/libgcc.a(_unord_sf.o)
                                                  /usr/lib/gcc/avr/4.5.3/avr5/libgcc.a(_le_sf.o)
                                                  /usr/lib/gcc/avr/4.5.3/avr5/libgcc.a(_lt_sf.o)
                                                  /usr/lib/gcc/avr/4.5.3/avr5/libgcc.a(_ge_sf.o)
                                                  /usr/lib/gcc/avr/4.5.3/avr5/libgcc.a(_gt_sf.o)
                                                  /usr/lib/gcc/avr/4.5.3/avr5/libgcc.a(_div_sf.o)
                                                  /usr/lib/gcc/avr/4.5.3/avr5/libgcc.a(_mul_sf.o)
                                                  /usr/lib/gcc/avr/4.5.3/avr5/libgcc.a(_addsub_sf.o)
__stack                                           /usr/lib/gcc/avr/4.5.3/../../../avr/lib/avr5/crtm168.o
__subsf3                                          /usr/lib/gcc/avr/4.5.3/avr5/libgcc.a(_addsub_sf.o)
                                                  /usr/lib/gcc/avr/4.5.3/avr5/libgcc.a(_fixunssfsi.o)
                                                  /home/amp/shared/polygraph/eclipse-workspace/ArduinoCore/168_16MHz/libArduinoCore.a(Print.o)
__tablejump2__                                    /usr/lib/gcc/avr/4.5.3/avr5/libgcc.a(_tablejump.o)
__tablejump__                                     /usr/lib/gcc/avr/4.5.3/avr5/libgcc.a(_tablejump.o)
                                                  /usr/lib/gcc/avr/4.5.3/avr5/libgcc.a(_ctors.o)
__thenan_sf                                       /usr/lib/gcc/avr/4.5.3/avr5/libgcc.a(_thenan_sf.o)
                                                  /usr/lib/gcc/avr/4.5.3/avr5/libgcc.a(_div_sf.o)
                                                  /usr/lib/gcc/avr/4.5.3/avr5/libgcc.a(_mul_sf.o)
                                                  /usr/lib/gcc/avr/4.5.3/avr5/libgcc.a(_addsub_sf.o)
__udivmodhi4                                      /usr/lib/gcc/avr/4.5.3/avr5/libgcc.a(_udivmodhi4.o)
                                                  /usr/lib/gcc/avr/4.5.3/../../../avr/lib/avr5/libc.a(utoa.o)
                                                  /usr/lib/gcc/avr/4.5.3/../../../avr/lib/avr5/libc.a(itoa.o)
__udivmodsi4                                      /usr/lib/gcc/avr/4.5.3/avr5/libgcc.a(_udivmodsi4.o)
                                                  /usr/lib/gcc/avr/4.5.3/../../../avr/lib/avr5/libc.a(ultoa.o)
                                                  /usr/lib/gcc/avr/4.5.3/../../../avr/lib/avr5/libc.a(ltoa.o)
                                                  /home/amp/shared/polygraph/eclipse-workspace/ArduinoCore/168_16MHz/libArduinoCore.a(Print.o)
                                                  /home/amp/shared/polygraph/eclipse-workspace/ArduinoCore/168_16MHz/libArduinoCore.a(HardwareSerial.o)
__unordsf2                                        /usr/lib/gcc/avr/4.5.3/avr5/libgcc.a(_unord_sf.o)
                                                  /home/amp/shared/polygraph/eclipse-workspace/ArduinoCore/168_16MHz/libArduinoCore.a(Print.o)
__unpack_f                                        /usr/lib/gcc/avr/4.5.3/avr5/libgcc.a(_unpack_sf.o)
                                                  /usr/lib/gcc/avr/4.5.3/avr5/libgcc.a(_sf_to_si.o)
                                                  /usr/lib/gcc/avr/4.5.3/avr5/libgcc.a(_unord_sf.o)
                                                  /usr/lib/gcc/avr/4.5.3/avr5/libgcc.a(_le_sf.o)
                                                  /usr/lib/gcc/avr/4.5.3/avr5/libgcc.a(_lt_sf.o)
                                                  /usr/lib/gcc/avr/4.5.3/avr5/libgcc.a(_ge_sf.o)
                                                  /usr/lib/gcc/avr/4.5.3/avr5/libgcc.a(_gt_sf.o)
                                                  /usr/lib/gcc/avr/4.5.3/avr5/libgcc.a(_div_sf.o)
                                                  /usr/lib/gcc/avr/4.5.3/avr5/libgcc.a(_mul_sf.o)
                                                  /usr/lib/gcc/avr/4.5.3/avr5/libgcc.a(_addsub_sf.o)
__vector_1                                        /home/amp/shared/polygraph/eclipse-workspace/ArduinoCore/168_16MHz/libArduinoCore.a(WInterrupts.o)
                                                  /usr/lib/gcc/avr/4.5.3/../../../avr/lib/avr5/crtm168.o
__vector_10                                       /usr/lib/gcc/avr/4.5.3/../../../avr/lib/avr5/crtm168.o
__vector_11                                       /usr/lib/gcc/avr/4.5.3/../../../avr/lib/avr5/crtm168.o
__vector_12                                       /usr/lib/gcc/avr/4.5.3/../../../avr/lib/avr5/crtm168.o
__vector_13                                       ./src/BluetoothDemo.o
                                                  /usr/lib/gcc/avr/4.5.3/../../../avr/lib/avr5/crtm168.o
__vector_14                                       /usr/lib/gcc/avr/4.5.3/../../../avr/lib/avr5/crtm168.o
__vector_15                                       /usr/lib/gcc/avr/4.5.3/../../../avr/lib/avr5/crtm168.o
__vector_16                                       /home/amp/shared/polygraph/eclipse-workspace/ArduinoCore/168_16MHz/libArduinoCore.a(wiring.o)
                                                  /usr/lib/gcc/avr/4.5.3/../../../avr/lib/avr5/crtm168.o
__vector_17                                       /usr/lib/gcc/avr/4.5.3/../../../avr/lib/avr5/crtm168.o
__vector_18                                       /home/amp/shared/polygraph/eclipse-workspace/ArduinoCore/168_16MHz/libArduinoCore.a(HardwareSerial.o)
                                                  /usr/lib/gcc/avr/4.5.3/../../../avr/lib/avr5/crtm168.o
__vector_19                                       /home/amp/shared/polygraph/eclipse-workspace/ArduinoCore/168_16MHz/libArduinoCore.a(HardwareSerial.o)
                                                  /usr/lib/gcc/avr/4.5.3/../../../avr/lib/avr5/crtm168.o
__vector_2                                        /home/amp/shared/polygraph/eclipse-workspace/ArduinoCore/168_16MHz/libArduinoCore.a(WInterrupts.o)
                                                  /usr/lib/gcc/avr/4.5.3/../../../avr/lib/avr5/crtm168.o
__vector_20                                       /usr/lib/gcc/avr/4.5.3/../../../avr/lib/avr5/crtm168.o
__vector_21                                       /usr/lib/gcc/avr/4.5.3/../../../avr/lib/avr5/crtm168.o
__vector_22                                       /usr/lib/gcc/avr/4.5.3/../../../avr/lib/avr5/crtm168.o
__vector_23                                       /usr/lib/gcc/avr/4.5.3/../../../avr/lib/avr5/crtm168.o
__vector_24                                       /usr/lib/gcc/avr/4.5.3/../../../avr/lib/avr5/crtm168.o
__vector_25                                       /usr/lib/gcc/avr/4.5.3/../../../avr/lib/avr5/crtm168.o
__vector_3                                        /usr/lib/gcc/avr/4.5.3/../../../avr/lib/avr5/crtm168.o
__vector_4                                        /usr/lib/gcc/avr/4.5.3/../../../avr/lib/avr5/crtm168.o
__vector_5                                        /usr/lib/gcc/avr/4.5.3/../../../avr/lib/avr5/crtm168.o
__vector_6                                        /usr/lib/gcc/avr/4.5.3/../../../avr/lib/avr5/crtm168.o
__vector_7                                        /usr/lib/gcc/avr/4.5.3/../../../avr/lib/avr5/crtm168.o
__vector_8                                        /usr/lib/gcc/avr/4.5.3/../../../avr/lib/avr5/crtm168.o
__vector_9                                        /usr/lib/gcc/avr/4.5.3/../../../avr/lib/avr5/crtm168.o
__vector_default                                  /usr/lib/gcc/avr/4.5.3/../../../avr/lib/avr5/crtm168.o
__vectors                                         /usr/lib/gcc/avr/4.5.3/../../../avr/lib/avr5/crtm168.o
_exit                                             /usr/lib/gcc/avr/4.5.3/avr5/libgcc.a(_exit.o)
analogRead                                        /home/amp/shared/polygraph/eclipse-workspace/ArduinoCore/168_16MHz/libArduinoCore.a(wiring_analog.o)
                                                  ./src/Main.o
analogReference                                   /home/amp/shared/polygraph/eclipse-workspace/ArduinoCore/168_16MHz/libArduinoCore.a(wiring_analog.o)
                                                  ./src/Main.o
analogWrite                                       /home/amp/shared/polygraph/eclipse-workspace/ArduinoCore/168_16MHz/libArduinoCore.a(wiring_analog.o)
analog_reference                                  /home/amp/shared/polygraph/eclipse-workspace/ArduinoCore/168_16MHz/libArduinoCore.a(wiring_analog.o)
atol                                              /usr/lib/gcc/avr/4.5.3/../../../avr/lib/avr5/libc.a(atol.o)
                                                  /home/amp/shared/polygraph/eclipse-workspace/ArduinoCore/168_16MHz/libArduinoCore.a(WString.o)
attachInterrupt                                   /home/amp/shared/polygraph/eclipse-workspace/ArduinoCore/168_16MHz/libArduinoCore.a(WInterrupts.o)
                                                  ./src/BluetoothDemo.o
cleantime()                                       ./src/BluetoothDemo.o
delay                                             /home/amp/shared/polygraph/eclipse-workspace/ArduinoCore/168_16MHz/libArduinoCore.a(wiring.o)
                                                  ./src/Main.o
                                                  ./src/BluetoothDemo.o
delayMicroseconds                                 /home/amp/shared/polygraph/eclipse-workspace/ArduinoCore/168_16MHz/libArduinoCore.a(wiring.o)
detachInterrupt                                   /home/amp/shared/polygraph/eclipse-workspace/ArduinoCore/168_16MHz/libArduinoCore.a(WInterrupts.o)
digitalRead                                       /home/amp/shared/polygraph/eclipse-workspace/ArduinoCore/168_16MHz/libArduinoCore.a(wiring_digital.o)
digitalWrite                                      /home/amp/shared/polygraph/eclipse-workspace/ArduinoCore/168_16MHz/libArduinoCore.a(wiring_digital.o)
                                                  /home/amp/shared/polygraph/eclipse-workspace/ArduinoCore/168_16MHz/libArduinoCore.a(wiring_analog.o)
                                                  ./src/Main.o
                                                  ./src/BluetoothDemo.o
digital_pin_to_bit_mask_PGM                       /home/amp/shared/polygraph/eclipse-workspace/ArduinoCore/168_16MHz/libArduinoCore.a(wiring_digital.o)
digital_pin_to_port_PGM                           /home/amp/shared/polygraph/eclipse-workspace/ArduinoCore/168_16MHz/libArduinoCore.a(wiring_digital.o)
digital_pin_to_timer_PGM                          /home/amp/shared/polygraph/eclipse-workspace/ArduinoCore/168_16MHz/libArduinoCore.a(wiring_digital.o)
                                                  /home/amp/shared/polygraph/eclipse-workspace/ArduinoCore/168_16MHz/libArduinoCore.a(wiring_analog.o)
exit                                              /usr/lib/gcc/avr/4.5.3/avr5/libgcc.a(_exit.o)
                                                  /usr/lib/gcc/avr/4.5.3/../../../avr/lib/avr5/crtm168.o
free                                              /usr/lib/gcc/avr/4.5.3/../../../avr/lib/avr5/libc.a(malloc.o)
                                                  /usr/lib/gcc/avr/4.5.3/../../../avr/lib/avr5/libc.a(realloc.o)
                                                  /home/amp/shared/polygraph/eclipse-workspace/ArduinoCore/168_16MHz/libArduinoCore.a(new.o)
                                                  /home/amp/shared/polygraph/eclipse-workspace/ArduinoCore/168_16MHz/libArduinoCore.a(WString.o)
init                                              /home/amp/shared/polygraph/eclipse-workspace/ArduinoCore/168_16MHz/libArduinoCore.a(wiring.o)
                                                  ./src/Main.o
                                                  ./src/BluetoothDemo.o
init_timer2()                                     ./src/BluetoothDemo.o
isspace                                           /usr/lib/gcc/avr/4.5.3/../../../avr/lib/avr5/libc.a(isspace.o)
                                                  /home/amp/shared/polygraph/eclipse-workspace/ArduinoCore/168_16MHz/libArduinoCore.a(WString.o)
itoa                                              /usr/lib/gcc/avr/4.5.3/../../../avr/lib/avr5/libc.a(itoa.o)
                                                  /home/amp/shared/polygraph/eclipse-workspace/ArduinoCore/168_16MHz/libArduinoCore.a(WString.o)
loop                                              ./src/Main.o
                                                  ./src/BluetoothDemo.o
ltoa                                              /usr/lib/gcc/avr/4.5.3/../../../avr/lib/avr5/libc.a(ltoa.o)
                                                  /home/amp/shared/polygraph/eclipse-workspace/ArduinoCore/168_16MHz/libArduinoCore.a(WString.o)
main                                              ./src/Main.o
                                                  ./src/BluetoothDemo.o
                                                  /usr/lib/gcc/avr/4.5.3/../../../avr/lib/avr5/crtm168.o
malloc                                            /usr/lib/gcc/avr/4.5.3/../../../avr/lib/avr5/libc.a(malloc.o)
                                                  /usr/lib/gcc/avr/4.5.3/../../../avr/lib/avr5/libc.a(realloc.o)
                                                  /home/amp/shared/polygraph/eclipse-workspace/ArduinoCore/168_16MHz/libArduinoCore.a(new.o)
memcpy                                            /usr/lib/gcc/avr/4.5.3/../../../avr/lib/avr5/libc.a(memcpy.o)
                                                  /usr/lib/gcc/avr/4.5.3/../../../avr/lib/avr5/libc.a(memmove.o)
                                                  /usr/lib/gcc/avr/4.5.3/../../../avr/lib/avr5/libc.a(realloc.o)
                                                  /home/amp/shared/polygraph/eclipse-workspace/ArduinoCore/168_16MHz/libArduinoCore.a(WString.o)
memmove                                           /usr/lib/gcc/avr/4.5.3/../../../avr/lib/avr5/libc.a(memmove.o)
                                                  /home/amp/shared/polygraph/eclipse-workspace/ArduinoCore/168_16MHz/libArduinoCore.a(WString.o)
micros                                            /home/amp/shared/polygraph/eclipse-workspace/ArduinoCore/168_16MHz/libArduinoCore.a(wiring.o)
millis                                            /home/amp/shared/polygraph/eclipse-workspace/ArduinoCore/168_16MHz/libArduinoCore.a(wiring.o)
operator delete(void*)                            /home/amp/shared/polygraph/eclipse-workspace/ArduinoCore/168_16MHz/libArduinoCore.a(new.o)
operator new(unsigned int)                        /home/amp/shared/polygraph/eclipse-workspace/ArduinoCore/168_16MHz/libArduinoCore.a(new.o)
operator+(StringSumHelper const&, String const&)  /home/amp/shared/polygraph/eclipse-workspace/ArduinoCore/168_16MHz/libArduinoCore.a(WString.o)
operator+(StringSumHelper const&, char const*)    /home/amp/shared/polygraph/eclipse-workspace/ArduinoCore/168_16MHz/libArduinoCore.a(WString.o)
operator+(StringSumHelper const&, char)           /home/amp/shared/polygraph/eclipse-workspace/ArduinoCore/168_16MHz/libArduinoCore.a(WString.o)
operator+(StringSumHelper const&, int)            /home/amp/shared/polygraph/eclipse-workspace/ArduinoCore/168_16MHz/libArduinoCore.a(WString.o)
operator+(StringSumHelper const&, long)           /home/amp/shared/polygraph/eclipse-workspace/ArduinoCore/168_16MHz/libArduinoCore.a(WString.o)
operator+(StringSumHelper const&, unsigned char)  /home/amp/shared/polygraph/eclipse-workspace/ArduinoCore/168_16MHz/libArduinoCore.a(WString.o)
operator+(StringSumHelper const&, unsigned int)   /home/amp/shared/polygraph/eclipse-workspace/ArduinoCore/168_16MHz/libArduinoCore.a(WString.o)
operator+(StringSumHelper const&, unsigned long)  /home/amp/shared/polygraph/eclipse-workspace/ArduinoCore/168_16MHz/libArduinoCore.a(WString.o)
pinMode                                           /home/amp/shared/polygraph/eclipse-workspace/ArduinoCore/168_16MHz/libArduinoCore.a(wiring_digital.o)
                                                  /home/amp/shared/polygraph/eclipse-workspace/ArduinoCore/168_16MHz/libArduinoCore.a(wiring_analog.o)
                                                  ./src/Main.o
                                                  ./src/BluetoothDemo.o
port_to_input_PGM                                 /home/amp/shared/polygraph/eclipse-workspace/ArduinoCore/168_16MHz/libArduinoCore.a(wiring_digital.o)
port_to_mode_PGM                                  /home/amp/shared/polygraph/eclipse-workspace/ArduinoCore/168_16MHz/libArduinoCore.a(wiring_digital.o)
port_to_output_PGM                                /home/amp/shared/polygraph/eclipse-workspace/ArduinoCore/168_16MHz/libArduinoCore.a(wiring_digital.o)
realloc                                           /usr/lib/gcc/avr/4.5.3/../../../avr/lib/avr5/libc.a(realloc.o)
                                                  /home/amp/shared/polygraph/eclipse-workspace/ArduinoCore/168_16MHz/libArduinoCore.a(WString.o)
rx_buffer                                         /home/amp/shared/polygraph/eclipse-workspace/ArduinoCore/168_16MHz/libArduinoCore.a(HardwareSerial.o)
sendNumber(int)                                   ./src/Main.o
sendNumberLong(long)                              ./src/Main.o
sensor1Value                                      ./src/Main.o
sensor1ValuePrev                                  ./src/Main.o
sensor2Value                                      ./src/Main.o
sensor3Value                                      ./src/Main.o
serialEvent()                                     /home/amp/shared/polygraph/eclipse-workspace/ArduinoCore/168_16MHz/libArduinoCore.a(HardwareSerial.o)
serialEventRun()                                  /home/amp/shared/polygraph/eclipse-workspace/ArduinoCore/168_16MHz/libArduinoCore.a(HardwareSerial.o)
setup                                             ./src/Main.o
                                                  ./src/BluetoothDemo.o
state                                             ./src/BluetoothDemo.o
store_char(unsigned char, ring_buffer*)           /home/amp/shared/polygraph/eclipse-workspace/ArduinoCore/168_16MHz/libArduinoCore.a(HardwareSerial.o)
strchr                                            /usr/lib/gcc/avr/4.5.3/../../../avr/lib/avr5/libc.a(strchr.o)
                                                  /home/amp/shared/polygraph/eclipse-workspace/ArduinoCore/168_16MHz/libArduinoCore.a(WString.o)
strcmp                                            /usr/lib/gcc/avr/4.5.3/../../../avr/lib/avr5/libc.a(strcmp.o)
                                                  /home/amp/shared/polygraph/eclipse-workspace/ArduinoCore/168_16MHz/libArduinoCore.a(WString.o)
strcpy                                            /usr/lib/gcc/avr/4.5.3/../../../avr/lib/avr5/libc.a(strcpy.o)
                                                  /home/amp/shared/polygraph/eclipse-workspace/ArduinoCore/168_16MHz/libArduinoCore.a(WString.o)
strncmp                                           /usr/lib/gcc/avr/4.5.3/../../../avr/lib/avr5/libc.a(strncmp.o)
                                                  /home/amp/shared/polygraph/eclipse-workspace/ArduinoCore/168_16MHz/libArduinoCore.a(WString.o)
strncpy                                           /usr/lib/gcc/avr/4.5.3/../../../avr/lib/avr5/libc.a(strncpy.o)
                                                  /home/amp/shared/polygraph/eclipse-workspace/ArduinoCore/168_16MHz/libArduinoCore.a(WString.o)
strrchr                                           /usr/lib/gcc/avr/4.5.3/../../../avr/lib/avr5/libc.a(strrchr.o)
                                                  /home/amp/shared/polygraph/eclipse-workspace/ArduinoCore/168_16MHz/libArduinoCore.a(WString.o)
strrev                                            /usr/lib/gcc/avr/4.5.3/../../../avr/lib/avr5/libc.a(strrev.o)
                                                  /usr/lib/gcc/avr/4.5.3/../../../avr/lib/avr5/libc.a(utoa.o)
                                                  /usr/lib/gcc/avr/4.5.3/../../../avr/lib/avr5/libc.a(ultoa.o)
                                                  /usr/lib/gcc/avr/4.5.3/../../../avr/lib/avr5/libc.a(ltoa.o)
                                                  /usr/lib/gcc/avr/4.5.3/../../../avr/lib/avr5/libc.a(itoa.o)
strstr                                            /usr/lib/gcc/avr/4.5.3/../../../avr/lib/avr5/libc.a(strstr.o)
                                                  /home/amp/shared/polygraph/eclipse-workspace/ArduinoCore/168_16MHz/libArduinoCore.a(WString.o)
timeout                                           ./src/BluetoothDemo.o
timer0_millis                                     /home/amp/shared/polygraph/eclipse-workspace/ArduinoCore/168_16MHz/libArduinoCore.a(wiring.o)
timer0_overflow_count                             /home/amp/shared/polygraph/eclipse-workspace/ArduinoCore/168_16MHz/libArduinoCore.a(wiring.o)
tolower                                           /usr/lib/gcc/avr/4.5.3/../../../avr/lib/avr5/libc.a(tolower.o)
                                                  /home/amp/shared/polygraph/eclipse-workspace/ArduinoCore/168_16MHz/libArduinoCore.a(WString.o)
toupper                                           /usr/lib/gcc/avr/4.5.3/../../../avr/lib/avr5/libc.a(toupper.o)
                                                  /home/amp/shared/polygraph/eclipse-workspace/ArduinoCore/168_16MHz/libArduinoCore.a(WString.o)
tx_buffer                                         /home/amp/shared/polygraph/eclipse-workspace/ArduinoCore/168_16MHz/libArduinoCore.a(HardwareSerial.o)
ultoa                                             /usr/lib/gcc/avr/4.5.3/../../../avr/lib/avr5/libc.a(ultoa.o)
                                                  /home/amp/shared/polygraph/eclipse-workspace/ArduinoCore/168_16MHz/libArduinoCore.a(WString.o)
utoa                                              /usr/lib/gcc/avr/4.5.3/../../../avr/lib/avr5/libc.a(utoa.o)
                                                  /home/amp/shared/polygraph/eclipse-workspace/ArduinoCore/168_16MHz/libArduinoCore.a(WString.o)
vtable for HardwareSerial                         /home/amp/shared/polygraph/eclipse-workspace/ArduinoCore/168_16MHz/libArduinoCore.a(HardwareSerial.o)
vtable for Print                                  /home/amp/shared/polygraph/eclipse-workspace/ArduinoCore/168_16MHz/libArduinoCore.a(Print.o)
vtable for Stream                                 /home/amp/shared/polygraph/eclipse-workspace/ArduinoCore/168_16MHz/libArduinoCore.a(HardwareSerial.o)
